// Jest Snapshot v1, https://goo.gl/fbAQLP

exports[`Todo test Creates a todo task 3`] = `
Object {
  "doc": Object {
    "content": Array [
      Object {
        "attrs": Object {
          "tight": false,
        },
        "content": Array [
          Object {
            "attrs": Object {
              "todoChecked": false,
            },
            "content": Array [
              Object {
                "content": Array [
                  Object {
                    "text": "my task",
                    "type": "text",
                  },
                ],
                "type": "paragraph",
              },
            ],
            "type": "listItem",
          },
        ],
        "type": "bulletList",
      },
    ],
    "type": "doc",
  },
  "selection": Object {
    "anchor": 10,
    "head": 10,
    "type": "text",
  },
}
`;
