// Jest Snapshot v1, https://goo.gl/fbAQLP

exports[`plugin view passed options correctly 2`] = `
[
  {
    "enabled": true,
    "fn": [Function],
    "name": "offset",
    "phase": "main",
    "requires": [
      "popperOffsets",
    ],
  },
  {
    "enabled": true,
    "fn": [Function],
    "name": "preventOverflow",
    "phase": "main",
    "requiresIfExists": [
      "offset",
    ],
  },
  {
    "data": {
      "_skip": false,
    },
    "enabled": true,
    "fn": [Function],
    "name": "flip",
    "phase": "main",
    "requiresIfExists": [
      "offset",
    ],
  },
  {
    "name": "offset",
    "options": {
      "offset": [Function],
    },
  },
  {
    "name": "flip",
    "options": {
      "fallbackPlacements": [
        "pos-a",
        "pos-b",
      ],
      "padding": 10,
    },
  },
  {
    "name": "preventOverflow",
    "options": {
      "boundary": <div />,
    },
  },
  {
    "data": {},
    "enabled": true,
    "fn": [Function],
    "name": "popperOffsets",
    "phase": "read",
  },
]
`;
