// Jest Snapshot v1, https://goo.gl/fbAQLP

exports[`index db workspace Adds files correctly 1`] = `
Array [
  Object {
    "doc": null,
    "docName": "0",
    "metadata": Object {
      "created": 1,
      "docName": "0",
      "modified": 1,
    },
  },
  Object {
    "doc": null,
    "docName": "1",
    "metadata": Object {
      "created": 1,
      "docName": "1",
      "modified": 1,
    },
  },
  Object {
    "doc": null,
    "docName": "2",
    "metadata": Object {
      "created": 1,
      "docName": "2",
      "modified": 1,
    },
  },
  Object {
    "doc": null,
    "docName": "3",
    "metadata": Object {
      "created": 1,
      "docName": "3",
      "modified": 1,
    },
  },
  Object {
    "doc": null,
    "docName": "4",
    "metadata": Object {
      "created": 1,
      "docName": "4",
      "modified": 1,
    },
  },
]
`;
